
> lint
> eslint src test && npm run lint:json && web-ext lint -i=$npm_package_config_ignore -w


> lint:json
> node scripts/validate-json.mjs

Validated 18 JSON files.
Validation Summary:

errors          0              
notices         0              
warnings        2              

WARNINGS:

Code                                  Message       Description              F
MISSING_DATA_COLLECTION_PERMISSIONS   The           The                      m
                                      "data_coll…   "/browser_specific_se…   s
                                      ection_per…   ttings/gecko/data_col…    
                                      missions"     lection_permissions"      
                                      property is   property is required      
                                      missing.      for all new Firefox       
                                                    extensions, and will      
                                                    be required for new       
                                                    versions of existing      
                                                    extensions in the         
                                                    future. Please add        
                                                    this key to the           
                                                    manifest. More            
                                                    information at:           
                                                    https://mzl.la/firefo…    
                                                    x-builtin-data-consent    
VERSION_FORMAT_DEPRECATED             The version   The version should be    m
                                      string        a string with 1 to 4     s
                                      should be     numbers separated with    
                                      simplified    dots. Each number         
                                      because it    should have up to 9       
                                      won't be      digits and leading        
                                      compatible    zeros will no longer      
                                      with          be allowed. Letters       
                                      Manifest      will no longer be         
                                      Version 3     allowed either. See       
                                      and above.    https://mzl.la/3h3mCRu    
                                                    (MDN Docs) for more       
                                                    information.              
